// Jest Snapshot v1, https://goo.gl/fbAQLP

exports[`[Screen] book_detail should match snapshot 1`] = `
<View
  pointerEvents="box-none"
  style={
    Object {
      "flex": 1,
    }
  }
>
  <View
    collapsable={true}
    pointerEvents="box-none"
    style={
      Object {
        "flex": 1,
      }
    }
  >
    <View>
      <Text>
        Unable to find book
      </Text>
    </View>
  </View>
</View>
`;
